15:46:56 **** Incremental Build of configuration Debug for project EX2 ****
make -j12 all 
arm-none-eabi-gcc -o "EX2.elf" @"objects.list"   -mcpu=cortex-m3 -T"D:\MCU\LAB_1\EX2\STM32F103C6TX_FLASH.ld" --specs=nosys.specs -Wl,-Map="EX2.map" -Wl,--gc-sections -static --specs=nano.specs -mfloat-abi=soft -mthumb -Wl,--start-group -lc -lm -Wl,--end-group
Finished building target: EX2.elf
 
arm-none-eabi-size   EX2.elf 
arm-none-eabi-objdump -h -S  EX2.elf  > "EX2.list"
arm-none-eabi-objcopy  -O ihex  EX2.elf  "EX2.hex"
   text	   data	    bss	    dec	    hex	filename
   1748	     12	   1644	   3404	    d4c	EX2.elf
arm-none-eabi-objcopy  -O binary  EX2.elf  "EX2.bin"
Finished building: default.size.stdout
 
Finished building: EX2.hex
Finished building: EX2.bin
Finished building: EX2.list
 
 
 

15:46:56 Build Finished. 0 errors, 0 warnings. (took 440ms)

