16:05:27 **** Incremental Build of configuration Debug for project EX3 ****
make -j12 all 
arm-none-eabi-gcc "../Core/Src/stm32f1xx_it.c" -mcpu=cortex-m3 -std=gnu11 -g3 -DDEBUG -DUSE_HAL_DRIVER -DSTM32F103x6 -c -I../Core/Inc -I../Drivers/STM32F1xx_HAL_Driver/Inc -I../Drivers/STM32F1xx_HAL_Driver/Inc/Legacy -I../Drivers/CMSIS/Device/ST/STM32F1xx/Include -I../Drivers/CMSIS/Include -O0 -ffunction-sections -fdata-sections -Wall -fstack-usage -MMD -MP -MF"Core/Src/stm32f1xx_it.d" -MT"Core/Src/stm32f1xx_it.o" --specs=nano.specs -mfloat-abi=soft -mthumb -o "Core/Src/stm32f1xx_it.o"
arm-none-eabi-gcc -o "EX3.elf" @"objects.list"   -mcpu=cortex-m3 -T"D:\MCU\LAB_1\EX3\STM32F103C6TX_FLASH.ld" --specs=nosys.specs -Wl,-Map="EX3.map" -Wl,--gc-sections -static --specs=nano.specs -mfloat-abi=soft -mthumb -Wl,--start-group -lc -lm -Wl,--end-group
Finished building target: EX3.elf
 
arm-none-eabi-size   EX3.elf 
arm-none-eabi-objdump -h -S  EX3.elf  > "EX3.list"
arm-none-eabi-objcopy  -O ihex  EX3.elf  "EX3.hex"
arm-none-eabi-objcopy  -O binary  EX3.elf  "EX3.bin"
   text	   data	    bss	    dec	    hex	filename
   5008	     20	   1572	   6600	   19c8	EX3.elf
Finished building: default.size.stdout
 
Finished building: EX3.hex
Finished building: EX3.bin
 
Finished building: EX3.list
 
 

16:05:28 Build Finished. 0 errors, 0 warnings. (took 690ms)

